Python 3.6.5 (v3.6.5:f59c0932b4, Mar 28 2018, 17:00:18) [MSC v.1900 64 bit (AMD64)] on win32
Type "copyright", "credits" or "license()" for more information.
>>> import numpy as np
>>> import matplotlib.pyplot as plt
>>> x = np.linspace(-4,4,9)
>>> y = np.linspace(-5,5,11)
>>> x
array([-4., -3., -2., -1.,  0.,  1.,  2.,  3.,  4.])
>>> y
array([-5., -4., -3., -2., -1.,  0.,  1.,  2.,  3.,  4.,  5.])
>>> xx, yy = np.meshgrid(x,y)
>>> xx
array([[-4., -3., -2., -1.,  0.,  1.,  2.,  3.,  4.],
       [-4., -3., -2., -1.,  0.,  1.,  2.,  3.,  4.],
       [-4., -3., -2., -1.,  0.,  1.,  2.,  3.,  4.],
       [-4., -3., -2., -1.,  0.,  1.,  2.,  3.,  4.],
       [-4., -3., -2., -1.,  0.,  1.,  2.,  3.,  4.],
       [-4., -3., -2., -1.,  0.,  1.,  2.,  3.,  4.],
       [-4., -3., -2., -1.,  0.,  1.,  2.,  3.,  4.],
       [-4., -3., -2., -1.,  0.,  1.,  2.,  3.,  4.],
       [-4., -3., -2., -1.,  0.,  1.,  2.,  3.,  4.],
       [-4., -3., -2., -1.,  0.,  1.,  2.,  3.,  4.],
       [-4., -3., -2., -1.,  0.,  1.,  2.,  3.,  4.]])
>>> xx.shape
(11, 9)
>>> yy
array([[-5., -5., -5., -5., -5., -5., -5., -5., -5.],
       [-4., -4., -4., -4., -4., -4., -4., -4., -4.],
       [-3., -3., -3., -3., -3., -3., -3., -3., -3.],
       [-2., -2., -2., -2., -2., -2., -2., -2., -2.],
       [-1., -1., -1., -1., -1., -1., -1., -1., -1.],
       [ 0.,  0.,  0.,  0.,  0.,  0.,  0.,  0.,  0.],
       [ 1.,  1.,  1.,  1.,  1.,  1.,  1.,  1.,  1.],
       [ 2.,  2.,  2.,  2.,  2.,  2.,  2.,  2.,  2.],
       [ 3.,  3.,  3.,  3.,  3.,  3.,  3.,  3.,  3.],
       [ 4.,  4.,  4.,  4.,  4.,  4.,  4.,  4.,  4.],
       [ 5.,  5.,  5.,  5.,  5.,  5.,  5.,  5.,  5.]])
>>> yy.shape
(11, 9)
>>> elipse = xx**2.0 + 4.0*yy**2.0
>>> plt.contourf(xx,yy,ellipse, cmap = 'jet')
Traceback (most recent call last):
  File "<pyshell#12>", line 1, in <module>
    plt.contourf(xx,yy,ellipse, cmap = 'jet')
NameError: name 'ellipse' is not defined
>>> plt.contourf(xx,yy,elipse, cmap = 'jet')
<matplotlib.contour.QuadContourSet object at 0x0000019E6D568A20>
>>> plt.colorbar()
<matplotlib.colorbar.Colorbar object at 0x0000019E6DED3CC0>
>>> plt.show()
>>> random_data = np.random.random((11,9))
>>> plt.contourf(xx,yy,random_data, cmap = 'jet')
<matplotlib.contour.QuadContourSet object at 0x0000019E6D469390>
>>> plt.color()
Traceback (most recent call last):
  File "<pyshell#18>", line 1, in <module>
    plt.color()
AttributeError: module 'matplotlib.pyplot' has no attribute 'color'
>>> plt.colorbar()
<matplotlib.colorbar.Colorbar object at 0x0000019E6D4C7C18>
>>> plt.show()
>>> xx1,yy1 = np.meshgrid(x,y,indexing='ij')
>>> xx1
array([[-4., -4., -4., -4., -4., -4., -4., -4., -4., -4., -4.],
       [-3., -3., -3., -3., -3., -3., -3., -3., -3., -3., -3.],
       [-2., -2., -2., -2., -2., -2., -2., -2., -2., -2., -2.],
       [-1., -1., -1., -1., -1., -1., -1., -1., -1., -1., -1.],
       [ 0.,  0.,  0.,  0.,  0.,  0.,  0.,  0.,  0.,  0.,  0.],
       [ 1.,  1.,  1.,  1.,  1.,  1.,  1.,  1.,  1.,  1.,  1.],
       [ 2.,  2.,  2.,  2.,  2.,  2.,  2.,  2.,  2.,  2.,  2.],
       [ 3.,  3.,  3.,  3.,  3.,  3.,  3.,  3.,  3.,  3.,  3.],
       [ 4.,  4.,  4.,  4.,  4.,  4.,  4.,  4.,  4.,  4.,  4.]])
>>> xx
array([[-4., -3., -2., -1.,  0.,  1.,  2.,  3.,  4.],
       [-4., -3., -2., -1.,  0.,  1.,  2.,  3.,  4.],
       [-4., -3., -2., -1.,  0.,  1.,  2.,  3.,  4.],
       [-4., -3., -2., -1.,  0.,  1.,  2.,  3.,  4.],
       [-4., -3., -2., -1.,  0.,  1.,  2.,  3.,  4.],
       [-4., -3., -2., -1.,  0.,  1.,  2.,  3.,  4.],
       [-4., -3., -2., -1.,  0.,  1.,  2.,  3.,  4.],
       [-4., -3., -2., -1.,  0.,  1.,  2.,  3.,  4.],
       [-4., -3., -2., -1.,  0.,  1.,  2.,  3.,  4.],
       [-4., -3., -2., -1.,  0.,  1.,  2.,  3.,  4.],
       [-4., -3., -2., -1.,  0.,  1.,  2.,  3.,  4.]])
>>> yy
array([[-5., -5., -5., -5., -5., -5., -5., -5., -5.],
       [-4., -4., -4., -4., -4., -4., -4., -4., -4.],
       [-3., -3., -3., -3., -3., -3., -3., -3., -3.],
       [-2., -2., -2., -2., -2., -2., -2., -2., -2.],
       [-1., -1., -1., -1., -1., -1., -1., -1., -1.],
       [ 0.,  0.,  0.,  0.,  0.,  0.,  0.,  0.,  0.],
       [ 1.,  1.,  1.,  1.,  1.,  1.,  1.,  1.,  1.],
       [ 2.,  2.,  2.,  2.,  2.,  2.,  2.,  2.,  2.],
       [ 3.,  3.,  3.,  3.,  3.,  3.,  3.,  3.,  3.],
       [ 4.,  4.,  4.,  4.,  4.,  4.,  4.,  4.,  4.],
       [ 5.,  5.,  5.,  5.,  5.,  5.,  5.,  5.,  5.]])
>>> yy1
array([[-5., -4., -3., -2., -1.,  0.,  1.,  2.,  3.,  4.,  5.],
       [-5., -4., -3., -2., -1.,  0.,  1.,  2.,  3.,  4.,  5.],
       [-5., -4., -3., -2., -1.,  0.,  1.,  2.,  3.,  4.,  5.],
       [-5., -4., -3., -2., -1.,  0.,  1.,  2.,  3.,  4.,  5.],
       [-5., -4., -3., -2., -1.,  0.,  1.,  2.,  3.,  4.,  5.],
       [-5., -4., -3., -2., -1.,  0.,  1.,  2.,  3.,  4.,  5.],
       [-5., -4., -3., -2., -1.,  0.,  1.,  2.,  3.,  4.,  5.],
       [-5., -4., -3., -2., -1.,  0.,  1.,  2.,  3.,  4.,  5.],
       [-5., -4., -3., -2., -1.,  0.,  1.,  2.,  3.,  4.,  5.]])
>>> 
